// Jest Snapshot v1, https://goo.gl/fbAQLP

exports[`should reduce timeout error acknowledged 1`] = `false`;

exports[`should reduce timeout error occured 1`] = `true`;

exports[`should reduce to default 1`] = `false`;
