// Jest Snapshot v1, https://goo.gl/fbAQLP

exports[`should reduce to default 1`] = `false`;

exports[`should reduce unexpected error acknowledged 1`] = `false`;

exports[`should reduce unexpected error occured 1`] = `true`;
